package azg004

import (
	helpers "github.com/hashicorp/go-azure-helpers/lang/pointer"
)

type settings struct {
	Timeout *int
}

// Should NOT be flagged: already uses the aliased helper.
func validAliasedFrom(s *settings) int {
	return helpers.From(s.Timeout)
}

// Should be flagged: the pointer package is imported under an alias, and the suggested fix must
// use that alias.
func invalidAliasedImport(s *settings) {
	timeout := helpers.From(s.Timeout)
	useInt(timeout)
}
