package azg004

import (
	"github.com/hashicorp/go-azure-helpers/lang/pointer"
	"strings"
)

type conf struct {
	Description *string
}

// Should be flagged: this file does not import the pointer package, so the suggested fix also
// inserts the import in sorted position.
func invalidNoPointerImport(c *conf) {
	description := pointer.From(c.Description)
	_ = strings.TrimSpace(description)
}
